MAP
  IMAGETYPE	AGGA
  #EXTENT	-2127517.258 990906.720 -502267.258 2368086.720
  EXTENT -2.09608e+06 809571 -349280 2.46251e+06
  SIZE		700 500
  IMAGECOLOR	255 255 255
  FONTSET '/var/www/html/ncgap/myfonts.txt'
  #FONTSET '/var/www/html/ncgap/fontset.txt'
  CONFIG PROJ_LIB "/usr/local/share/proj/"

  WEB
	IMAGEPATH   '/data/server_temp/'
	IMAGEURL  '/server_temp/'
	LOG /var/www/html/temp/error.log
  END


  OUTPUTFORMAT
    NAME 'AGGA'
    DRIVER AGG/PNG
    IMAGEMODE RGB
    FORMATOPTION "INTERLACE=OFF"
  END

  OUTPUTFORMAT
    NAME mypng
    DRIVER "GD/PNG"
    MIMETYPE "image/png"
    IMAGEMODE rgba
    EXTENSION "png"
    TRANSPARENT ON
  END

  OUTPUTFORMAT
    NAME pdfpng
    DRIVER "GD/PNG"
    MIMETYPE "image/png"
    IMAGEMODE rgb
    EXTENSION "png"
    FORMATOPTION "INTERLACE=OFF"
  END

  LEGEND
    STATUS ON
    KEYSIZE 40 20
    KEYSPACING 5 5
    LABEL
      TYPE bitmap
      FONT 'Sans'
      SIZE medium
    END
  END

  SCALEBAR
    IMAGECOLOR 255 255 255
    LABEL
      TYPE truetype
      FONT  "Sans"
      SIZE  8
      OUTLINECOLOR  255 255 255
      COLOR 0 0 0
    END
    STYLE 1
    SIZE 100 2
    COLOR 0 0 0
    UNITS kilometers
    INTERVALS 1
    TRANSPARENT FALSE
    STATUS EMBED
  END

  PROJECTION
    "proj=aea"
    "lat_0=23.0000000000"
    "lat_1=29.5000000000"
    "lat_2=45.5000000000"
    "lon_0=-96.0000000000"
    "x_0=0.0000000000"
    "y_0=0.0000000000"
    "a=6378137"
    "rf=298.257222101"
    "no_defs"
   "towgs84=0.000,0.000,0.000"
  END

  REFERENCE
    IMAGE   '/var/www/html/data/swgap/sw_ref.png'
    SIZE  150 123
    EXTENT -2070000 985000 -474000 2368086.720
    STATUS ON
    COLOR -1 -1 -1
  END
  SYMBOL
    NAME 'hatch-lines'
    TYPE HATCH
  END

     SYMBOL
      NAME "hatch-custom"
      TYPE vector
      POINTS
      1 0
      0 1
      END
    END

  SYMBOL
    NAME 'hatch-pattern'
    TYPE  vector
    POINTS
      5 5
      6 5
      6 6
      5 6
      5 5
      -1 -1
      15 15
      16 15
      16 16
      15 16
      15 15
    END
  END
  #################################################################################################################
  ### layer definitions
  #### background raster
  LAYER
    NAME    landcover
    DATA    "/var/www/html/data/swgap/sw_lcover.gtiff"
    ##DATA    "/data2/southwest/PERMANENT/cellhd/sw_lcover_recl"
    # DATA    "/data/website_data/sw_lcover.gtiff"
    STATUS   off
    TYPE     raster
    TEMPLATE "dummy.html"
  END

  LAYER
    NAME    elevation
    DATA    "/var/www/html/data/swgap/SW_Hillshade.gtiff"
   # DATA    "/data/website_data/SW_Hillshade.gtiff"
    STATUS   off
    TYPE     raster
  END

  LAYER
    NAME    mapcalc
    DATA    ""
    STATUS   off
    TYPE     raster
  END

    #########################################################################################################
  ## watershed range maps
  LAYER
    CONNECTIONTYPE postgis
    NAME "wtshd_range"
    CONNECTION "user=postgres  dbname=swgap host=localhost"
    DATA "wkb_geometry from sw_wtshd_range"
    STATUS off
    TYPE POLYGON
    CLASSITEM ""

    CLASS
      NAME "known, wintering"
      EXPRESSION /17|22/
	  	STYLE
        OUTLINECOLOR 120 120 120
        COLOR 0 0 255
      END
    END
     CLASS
      NAME "known, summering"
      EXPRESSION /18|23/
	  	STYLE
        OUTLINECOLOR 120 120 120
        COLOR 255 162 0
      END
    END
     CLASS
      NAME "known, year round"
      EXPRESSION /19|24|29/
	  	STYLE
        OUTLINECOLOR 120 120 120
        COLOR 208 0 255
      END
    END
     CLASS
      NAME "known, migratory"
      EXPRESSION /21/
	  	STYLE
        OUTLINECOLOR 120 120 120
        COLOR 255 255 0
      END
    END
    CLASS
      NAME "potential, wintering"
      EXPRESSION /42/
	  	STYLE
        OUTLINECOLOR 120 120 120
        COLOR 155 155 255
      END
    END
     CLASS
      NAME "potential, summering"
      EXPRESSION /38/
	  	STYLE
        OUTLINECOLOR 120 120 120
        COLOR 255 218 155
      END
    END
     CLASS
      NAME "potential, year round"
      EXPRESSION /49/
	  	STYLE
        OUTLINECOLOR 120 120 120
        COLOR 237 155 255
      END
    END
     CLASS
      NAME "potential, migratory"
      EXPRESSION /41/
	  	STYLE
        OUTLINECOLOR 120 120 120
        COLOR 255 255 205
      END
    END
    CLASS
      NAME "extirpated"
      EXPRESSION 	/6[0-9]/
	  STYLE
        #OUTLINECOLOR 120 120 120
        #COLOR 0 0 255
        SYMBOL 'hatch-lines'
	  	COLOR 120 120 120
        SIZE 10
        OUTLINECOLOR 120 120 120
      END
    END
    CLASS
      NAME "absent"
      ##EXPRESSION NULL
	  	STYLE
        OUTLINECOLOR 120 120 120
      END
    END
  END

  ###########################################################################################################
  ###manage layers  query
  LAYER
    CONNECTIONTYPE postgis
    NAME "manage_q"
    CONNECTION "user=postgres  dbname=swgap host=localhost"
    DATA "wkb_geometry from sw_manage_gap"
    STATUS off
    TYPE POLYGON
    CLASS
      STYLE
        SYMBOL 'hatch-lines'
	  	COLOR 120 120 120
        SIZE 10
        OUTLINECOLOR 120 120 120
      END
    END
    TEMPLATE "dummy.html"
  END
  #############################################################################################################
  ##foreground vector layers
  LAYER
    CONNECTIONTYPE postgis
    NAME "urban"
    CONNECTION "user=postgres  dbname=swgap host=localhost"
    DATA "wkb_geometry from sw_urban"
    STATUS off
    TYPE POLYGON
    CLASS
      STYLE
        COLOR 255 128 0
        OUTLINECOLOR 0 0 0
        WIDTH 1
      END
    END
    TEMPLATE "dummy.html"
  END
  LAYER
    CONNECTIONTYPE postgis
    NAME "watersheds"
    CONNECTION "user=postgres  dbname=swgap host=localhost"
    DATA "wkb_geometry from sw_wtshds"
    STATUS off
    TYPE POLYGON
    CLASS
      STYLE
        OUTLINECOLOR 50 100 150
        WIDTH 1
      END
    END
    TEMPLATE "dummy.html"
  END
  LAYER
    CONNECTIONTYPE postgis
    NAME "roads"
    CONNECTION "user=postgres  dbname=swgap host=localhost"
    DATA "wkb_geometry FROM sw_roads"
    STATUS off
    TYPE LINE
    LABELITEM 'name'
    CLASS
      LABEL
        TYPE truetype
        FONT  "Sans"
        SIZE  8
        OUTLINECOLOR  255 255 255
        COLOR 0 0 0
        MINDISTANCE  100
        POSITION  lr
        MINFEATURESIZE auto
        WRAP ' '
      END
      STYLE
        WIDTH 1
        COLOR 255 0 0
      END
    END
  END
  LAYER
    CONNECTIONTYPE postgis
    NAME "rivers"
    CONNECTION "user=postgres  dbname=swgap host=localhost"
    DATA "wkb_geometry FROM sw_rivers"
    STATUS off
    TYPE LINE
    LABELITEM 'nameen'
    CLASS
      LABEL
        TYPE truetype
        FONT  "Sans"
        SIZE  8
        OUTLINECOLOR  255 255 255
        COLOR 0 0 0
        MINDISTANCE  100
        POSITION  lr
        MINFEATURESIZE auto
        WRAP ' '
      END
      STYLE
        WIDTH 1
        COLOR 0 0 255
      END
    END
  END
  LAYER
    CONNECTIONTYPE postgis
    NAME "counties"
    CONNECTION "user=postgres  dbname=swgap host=localhost"
    DATA "wkb_geometry from sw_counties"
    STATUS off
    TYPE POLYGON
    CLASS
      STYLE
        WIDTH 1
        OUTLINECOLOR 120 120 120
      END
    END
    TEMPLATE "dummy.html"
  END
  LAYER
    CONNECTIONTYPE postgis
    NAME "states"
    CONNECTION "user=postgres  dbname=swgap host=localhost"
    DATA "wkb_geometry from sw_states"
    STATUS off
    TYPE POLYGON
    CLASS
      STYLE
        WIDTH 1
        OUTLINECOLOR 0 0 0
      END
    END
  END
  LAYER
    CONNECTIONTYPE postgis
    NAME "bcr"
    CONNECTION "user=postgres  dbname=swgap host=localhost"
    DATA "wkb_geometry from sw_bcr"
    STATUS off
    TYPE POLYGON
    CLASS
      STYLE
        WIDTH 1
        OUTLINECOLOR 125 38 205
      END
    END
    TEMPLATE "dummy.html"
  END
  ###################################################################################
  ### ownership layer
  LAYER
    CONNECTIONTYPE postgis
    NAME "gapown"
    CONNECTION "user=postgres  dbname=swgap host=localhost"
    DATA "wkb_geometry FROM sw_owner"
    STATUS off
    TYPE POLYGON
    CLASSITEM "own_c"
    TRANSPARENCY alpha
    CLASS
      NAME "Bureau of Land Management (BLM)"
      EXPRESSION "1100"
      STYLE
        OUTLINECOLOR 254 230 121
        WIDTH 1
      END
      STYLE
        SYMBOL 'hatch-custom'
        COLOR 254 230 121

        SIZE 10
        WIDTH 1
      END
    END
    CLASS
      NAME "Bureau of Reclamation (BOR)"
      EXPRESSION "1200"
      STYLE
        OUTLINECOLOR 255 255 179
        WIDTH 1
      END
      STYLE
        SYMBOL 'hatch-custom'
        COLOR 255 255 179

        SIZE 10
        WIDTH 1
      END
    END
    CLASS
      NAME "Fish & Wildlife Service (FWS)"
      EXPRESSION "1300"
      STYLE
        OUTLINECOLOR 127 204 167
        WIDTH 1
      END
      STYLE
        SYMBOL 'hatch-custom'
        COLOR 127 204 167

        SIZE 10
        WIDTH 1
      END
    END
    CLASS
      NAME "Forest Service (USFS)"
      EXPRESSION "1400"
      STYLE
        OUTLINECOLOR 204 235 197
        WIDTH 1
      END
      STYLE
        SYMBOL 'hatch-custom'
        COLOR 204 235 197

        SIZE 10
        WIDTH 1
      END
    END
    CLASS
      NAME "Department of Defense (DOD) & Department of Energy (DOE)"
      EXPRESSION "1500"
      STYLE
        OUTLINECOLOR 251 180 206
        WIDTH 1
      END
      STYLE
        SYMBOL 'hatch-custom'
        COLOR 251 180 206

        SIZE 10
        WIDTH 1
      END
    END
    CLASS
      NAME "National Park Service (NPS)"
      EXPRESSION "1600"
      STYLE
        OUTLINECOLOR 202 189 220
        WIDTH 1
      END
      STYLE
        SYMBOL 'hatch-custom'
        COLOR   202 189 220

        SIZE 10
        WIDTH 1
      END
    END
    CLASS
      NAME "Agricultural Research Service (ARS)"
      EXPRESSION "1750"
      STYLE
        OUTLINECOLOR 228 196 159
        WIDTH 1
      END
      STYLE
        SYMBOL 'hatch-custom'
        COLOR   228 196 159

        SIZE 10
        WIDTH 1
      END
    END
    CLASS
      NAME "Department of Commerce (DOC)"
      EXPRESSION "1950"
      STYLE
        OUTLINECOLOR 228 196 159
        WIDTH 1
      END
      STYLE
        SYMBOL 'hatch-custom'
        COLOR  228 196 159

        SIZE 10
        WIDTH 1
      END
    END
    CLASS
      NAME "Native American Land"
      EXPRESSION "2200"
      STYLE
        OUTLINECOLOR 253 180 108
        WIDTH 1
      END
      STYLE
        SYMBOL 'hatch-custom'
        COLOR   253 180 108

        SIZE 10
        WIDTH 1
      END
    END
    CLASS
      NAME "State Parks & Recreation"
      EXPRESSION "3100"
      STYLE
        OUTLINECOLOR 143 181 190
        WIDTH 1
      END
      STYLE
        SYMBOL 'hatch-custom'
        COLOR 143 181 190

        SIZE 10
        WIDTH 1
      END
    END
    CLASS
      NAME "State Land Board"
      EXPRESSION "3200"
      STYLE
        OUTLINECOLOR 179 227 238
        WIDTH 1
      END
      STYLE
        SYMBOL 'hatch-custom'
        COLOR    179 227 238

        SIZE 10
        WIDTH 1
      END
    END
    CLASS
      NAME "State Wildlife Reserves"
      EXPRESSION "3300"
      STYLE
        OUTLINECOLOR 107 207 226
        WIDTH 1
      END
      STYLE
        SYMBOL 'hatch-custom'
        COLOR  107 207 226

        SIZE 10
        WIDTH 1
      END
    END
    CLASS
      NAME "Other State Land"
      EXPRESSION "3400"
      STYLE
        OUTLINECOLOR 179 227 238
        WIDTH 1
      END
      STYLE
        SYMBOL 'hatch-custom'
        COLOR 179 227 238

        SIZE 10
        WIDTH 1
      END
    END
    CLASS
      NAME "Regional Government Land"
      EXPRESSION "4100"
      STYLE
        OUTLINECOLOR 143 181 190
        WIDTH 1
      END
      STYLE
        SYMBOL 'hatch-custom'
        COLOR   143 181 190

        SIZE 10
        WIDTH 1
      END
    END
    CLASS
      NAME "City Land"
      EXPRESSION "5100"
      STYLE
        OUTLINECOLOR 143 181 190
        WIDTH 1
      END
      STYLE
        SYMBOL 'hatch-custom'
        COLOR   143 181 190

        SIZE 10
        WIDTH 1
      END
    END
    CLASS
      NAME "County Land"
      EXPRESSION "5200"
      STYLE
        OUTLINECOLOR 143 181 190
        WIDTH 1
      END
      STYLE
        SYMBOL 'hatch-custom'
        COLOR   143 181 190

        SIZE 10
        WIDTH 1
      END
    END
    CLASS
      NAME "Audubon Society"
      EXPRESSION "6100"
      STYLE
        OUTLINECOLOR 0 0 0
        WIDTH 1
      END
      STYLE
        SYMBOL 'hatch-custom'
        COLOR 0 0 0

        SIZE 10
        WIDTH 1
      END
    END
    CLASS
      NAME "Local Land Trust Preserve/ Easement"
      EXPRESSION "6200"
      STYLE
        OUTLINECOLOR 0 0 0
        WIDTH 1
      END
      STYLE
        SYMBOL 'hatch-custom'
        COLOR 0 0 0

        SIZE 10
        WIDTH 1
      END
    END
    CLASS
      NAME "The Nature Conservancy"
      EXPRESSION "6300"
      STYLE
        OUTLINECOLOR 0 0 0
        WIDTH 1
      END
      STYLE
        SYMBOL 'hatch-custom'
        COLOR 0 0 0

        SIZE 10
        WIDTH 1
      END
    END
    CLASS
      NAME "Private Institution Managed for Biodiversity"
      EXPRESSION "7200"
      STYLE
        OUTLINECOLOR 0 0 0
        WIDTH 1
      END
      STYLE
        SYMBOL 'hatch-custom'
        COLOR 0 0 0

        SIZE 10
        WIDTH 1
      END
    END
  END
  ##############################################################################################################
  ### manage layers
  LAYER
    CONNECTIONTYPE postgis
    NAME "gapman"
    CONNECTION "user=postgres  dbname=swgap host=localhost"
    DATA "wkb_geometry FROM sw_manage"
    STATUS off
    TYPE POLYGON
    CLASSITEM "man_c_cond"
    TRANSPARENCY alpha
    CLASS
      NAME "Bureau of Land Management,  Other Special Management Areas"
      EXPRESSION "1100"
      STYLE
        OUTLINECOLOR 254 230 121
        WIDTH 1
      END
      STYLE
        SYMBOL 'hatch-custom'
        COLOR 254 230 121

        SIZE 10
        WIDTH 1
      END
    END
    CLASS
      NAME "Bureau of Land Management, Public Land"
      EXPRESSION "1190"
      STYLE
        OUTLINECOLOR 254 230 121
        WIDTH 1
      END
      STYLE
        SYMBOL 'hatch-custom'
        COLOR 254 230 121

        SIZE 10
        WIDTH 1
      END
    END
    CLASS
      NAME "Bureau of Land Management Wilderness Area"
      EXPRESSION "1192"
      STYLE
        OUTLINECOLOR 254 204 92
        WIDTH 1
      END
      STYLE
        SYMBOL 'hatch-custom'
        COLOR    254 204 92

        SIZE 10
        WIDTH 1
      END
    END
    CLASS
      NAME "Bureau of Reclamation"
      EXPRESSION "1200"
      STYLE
        OUTLINECOLOR 255 255 179
        WIDTH 1
      END
      STYLE
        SYMBOL 'hatch-custom'
        COLOR 255 255 179

        SIZE 10
        WIDTH 1
      END
    END
    CLASS
      NAME "Fish and Wildlife Service, Other Special Management Areas"
      EXPRESSION "1300"
      STYLE
        OUTLINECOLOR 127 204 167
        WIDTH 1
      END
      STYLE
        SYMBOL 'hatch-custom'
        COLOR 127 204 167

        SIZE 10
        WIDTH 1
      END
    END
    CLASS
      NAME "Fish and Wildlife Service National Wildlife Refuge"
      EXPRESSION "1301"
      STYLE
        OUTLINECOLOR 127 204 167
        WIDTH 1
      END
      STYLE
        SYMBOL 'hatch-custom'
        COLOR  127 204 167

        SIZE 10
        WIDTH 1
      END
    END
    CLASS
      NAME "Fish and Wildlife Service Wilderness Area"
      EXPRESSION "1303"
      STYLE
        OUTLINECOLOR 102 191 127
        WIDTH 1
      END
      STYLE
        SYMBOL 'hatch-custom'
        COLOR    102 191 127

        SIZE 10
        WIDTH 1
      END
    END
    CLASS
      NAME "Forest Service, Other Special Management Areas"
      EXPRESSION "1400"
      STYLE
        OUTLINECOLOR 204 235 197
        WIDTH 1
      END
      STYLE
        SYMBOL 'hatch-custom'
        COLOR 204 235 197

        SIZE 10
        WIDTH 1
      END
    END
    CLASS
      NAME "Forest Service Wilderness Area"
      EXPRESSION "1412"
      STYLE
        OUTLINECOLOR 153 213 148
        WIDTH 1
      END
      STYLE
        SYMBOL 'hatch-custom'
        COLOR 153 213 148

        SIZE 10
        WIDTH 1
      END
    END
    CLASS
      NAME "Forest Service, Public Land"
      EXPRESSION "1490"
      STYLE
        OUTLINECOLOR 204 235 197
        WIDTH 1
      END
      STYLE
        SYMBOL 'hatch-custom'
        COLOR  204 235 197

        SIZE 10
        WIDTH 1
      END
    END
    CLASS
      NAME "Forest Service, National Grassland"
      EXPRESSION "1496"
      STYLE
        OUTLINECOLOR 230 245 177
        WIDTH 1
      END
      STYLE
        SYMBOL 'hatch-custom'
        COLOR  230 245 177

        SIZE 10
        WIDTH 1
      END
    END
    CLASS
      NAME "DOD, Ecological Reserves, Special Resources Areas/Research Natural Areas"
      EXPRESSION "1500"
      STYLE
        OUTLINECOLOR 251 180 206
        WIDTH 1
      END
      STYLE
        SYMBOL 'hatch-custom'
        COLOR   251 180 206

        SIZE 10
        WIDTH 1
      END
    END
    CLASS
      NAME "Army Corps of Engineers"
      EXPRESSION "1550"
      STYLE
        OUTLINECOLOR 251 180 206
        WIDTH 1
      END
      STYLE
        SYMBOL 'hatch-custom'
        COLOR   251 180 206

        SIZE 10
        WIDTH 1
      END
    END
    CLASS
      NAME "Department of Energy (DOE)"
      EXPRESSION "1560"
      STYLE
        OUTLINECOLOR 251 180 206
        WIDTH 1
      END
      STYLE
        SYMBOL 'hatch-custom'
        COLOR   251 180 206

        SIZE 10
        WIDTH 1
      END
    END
    CLASS
      NAME "Military Reservation (DOD)"
      EXPRESSION "1590"
      STYLE
        OUTLINECOLOR 251 180 206
        WIDTH 1
      END
      STYLE
        SYMBOL 'hatch-custom'
        COLOR   251 180 206

        SIZE 10
        WIDTH 1
      END
    END
    CLASS
      NAME "National Park Service"
      EXPRESSION "1600"
      STYLE
        OUTLINECOLOR 202 189 220
        WIDTH 1
      END
      STYLE
        SYMBOL 'hatch-custom'
        COLOR 202 189 220

        SIZE 10
        WIDTH 1
      END
    END
    CLASS
      NAME "National Park Service Wilderness Area"
      EXPRESSION "1617"
      STYLE
        OUTLINECOLOR 177 137 193
        WIDTH 1
      END
      STYLE
        SYMBOL 'hatch-custom'
        COLOR 177 137 193

        SIZE 10
        WIDTH 1
      END
    END
    CLASS
      NAME "Agricultural Research Service Experimental Range"
      EXPRESSION "1751"
      STYLE
        OUTLINECOLOR 228 196 159
        WIDTH 1
      END
      STYLE
        SYMBOL 'hatch-custom'
        COLOR   228 196 159

        SIZE 10
        WIDTH 1
      END
    END
    CLASS
      NAME "National Telecommunications and Information Administration"
      EXPRESSION "1951"
      STYLE
        OUTLINECOLOR 228 196 159
        WIDTH 1
      END
      STYLE
        SYMBOL 'hatch-custom'
        COLOR   228 196 159

        SIZE 10
        WIDTH 1
      END
    END
    CLASS
      NAME "Tribal Land"
      EXPRESSION "2200"
      STYLE
        OUTLINECOLOR 253 180 108
        WIDTH 1
      END
      STYLE
        SYMBOL 'hatch-custom'
        COLOR   253 180 108

        SIZE 10
        WIDTH 1
      END
    END
    CLASS
      NAME "State Park and Recreation Areas"
      EXPRESSION "3100"
      STYLE
        OUTLINECOLOR 143 181 190
        WIDTH 1
      END
      STYLE
        SYMBOL 'hatch-custom'
        COLOR  143 181 190

        SIZE 10
        WIDTH 1
      END
    END
    CLASS
      NAME "State Land Board"
      EXPRESSION "3200"
      STYLE
        OUTLINECOLOR 179 227 238
        WIDTH 1
      END
      STYLE
        SYMBOL 'hatch-custom'
        COLOR  179 227 238

        SIZE 10
        WIDTH 1
      END
    END
    CLASS
      NAME "State Wildlife Reserve"
      EXPRESSION "3300"
      STYLE
        OUTLINECOLOR 143 181 190
        WIDTH 1
      END
      STYLE
        SYMBOL 'hatch-custom'
        COLOR  143 181 190

        SIZE 10
        WIDTH 1
      END
    END
    CLASS
      NAME "Other State Land"
      EXPRESSION "3400"
      STYLE
        OUTLINECOLOR 179 227 238
        WIDTH 1
      END
      STYLE
        SYMBOL 'hatch-custom'
        COLOR  179 227 238

        SIZE 10
        WIDTH 1
      END
    END
    CLASS
      NAME "Regional or Local Government Land"
      EXPRESSION "5000"
      STYLE
        OUTLINECOLOR 143 181 190
        WIDTH 1
      END
      STYLE
        SYMBOL 'hatch-custom'
        COLOR  143 181 190

        SIZE 10
        WIDTH 1
      END
    END
    CLASS
      NAME "Audubon Society Preserve"
      EXPRESSION "6101"
      STYLE
        OUTLINECOLOR 0 0 0
        WIDTH 1
      END
      STYLE
        SYMBOL 'hatch-custom'
        COLOR 0 0 0

        SIZE 10
        WIDTH 1
      END
    END
    CLASS
      NAME "Local Land Trust Preserve/Easement"
      EXPRESSION "6201"
      STYLE
        OUTLINECOLOR  0 0 0
        WIDTH 1
      END
      STYLE
        SYMBOL 'hatch-custom'
        COLOR  0 0 0

        SIZE 10
        WIDTH 1
      END
    END
    CLASS
      NAME "The Nature Conservancy Easement/Preserve/Coop Managed Property"
      EXPRESSION "6300"
      STYLE
        OUTLINECOLOR 0 0 0
        WIDTH 1
      END
      STYLE
        SYMBOL 'hatch-custom'
        COLOR 0 0 0

        SIZE 10
        WIDTH 1
      END
    END
    CLASS
      NAME "Private Institution, Managed for Biodiversity"
      EXPRESSION "7201"
      STYLE
        OUTLINECOLOR 0 0 0
        WIDTH 1
      END
      STYLE
        SYMBOL 'hatch-custom'
        COLOR 0 0 0

        SIZE 10
        WIDTH 1
      END
    END
  END
  ###########################################################################################################
  ## status layer
  LAYER
    CONNECTIONTYPE postgis
    NAME "gapsta"
    CONNECTION "user=postgres  dbname=swgap host=localhost"
    DATA "wkb_geometry FROM sw_status"
    STATUS off
    TYPE POLYGON
    CLASSITEM "stat_c"
    TRANSPARENCY alpha
    CLASS
      NAME "1-Permanent (encouraged natural processes)"
      EXPRESSION "1"
	  	STYLE
        OUTLINECOLOR 3 38 92
        WIDTH 1
      END
      STYLE
	  	  SYMBOL 'hatch-custom'
	  	  COLOR  3 38 92

        SIZE 10
        WIDTH 1
      END
    END
    CLASS
      NAME "2-Permanent (suppressed natural processes)"
      EXPRESSION "2"
	  	STYLE
        OUTLINECOLOR 47 92 149
        WIDTH 1
      END
      STYLE
	  	  SYMBOL 'hatch-custom'
	  	  COLOR     47 92 149

        SIZE 10
        WIDTH 1
      END
    END
    CLASS
      NAME "3-Permanent (intensive anthropogenic disturbance)"
      EXPRESSION "3"
	  	STYLE
        OUTLINECOLOR 60 131 237
        WIDTH 1
      END
      STYLE
	  	  SYMBOL 'hatch-custom'
	  	  COLOR   60 131 237

        SIZE 10
        WIDTH 1
      END
    END
  END
  ###############################################################################################################
  #### Vector layers to display red hatch select AOIs

  LAYER
    CONNECTIONTYPE postgis
    NAME "counties_select"
    CONNECTION "user=postgres  dbname=swgap host=localhost"
    DATA "wkb_geometry FROM sw_counties"
    STATUS OFF
    TYPE POLYGON
    TRANSPARENCY alpha
    CLASS
      STYLE
	  	  SYMBOL 'hatch-lines'
	  	  COLOR 255 0 0
        ANGLE 60
        SIZE 10
        WIDTH 1
      END
      STYLE
        WIDTH 1
        OUTLINECOLOR 255 0 0
      END
    END
  END
  LAYER
    CONNECTIONTYPE postgis
    NAME "basin_select"
    CONNECTION "user=postgres  dbname=swgap host=localhost"
    DATA "wkb_geometry FROM sw_wtshds_gap"
    STATUS OFF
    TYPE POLYGON
    TRANSPARENCY alpha
    CLASS
      STYLE
	  	  SYMBOL 'hatch-lines'
	  	  COLOR 255 0 0
        ANGLE 60
        SIZE 10
        WIDTH 1
      END
      STYLE
        WIDTH 1
        OUTLINECOLOR 255 0 0
      END
    END
  END
  LAYER
    CONNECTIONTYPE postgis
    NAME "bcr_select"
    CONNECTION "user=postgres  dbname=swgap host=localhost"
    DATA "wkb_geometry FROM sw_bcr"
    STATUS OFF
    TYPE POLYGON
    TRANSPARENCY alpha
    CLASS
      STYLE
	  	  SYMBOL 'hatch-lines'
	  	  COLOR 255 0 0
        ANGLE 60
        SIZE 10
        WIDTH 1
      END
      STYLE
        WIDTH 1
        OUTLINECOLOR 255 0 0
      END
    END
  END
  LAYER
    CONNECTIONTYPE postgis
    NAME "state_select"
    CONNECTION "user=postgres  dbname=swgap host=localhost"
    DATA "wkb_geometry FROM sw_states"
    STATUS OFF
    TYPE POLYGON
    TRANSPARENCY alpha
    CLASS
      STYLE
	  	  SYMBOL 'hatch-lines'
	  	  COLOR 255 0 0
        ANGLE 60
        SIZE 10
        WIDTH 1
      END
      STYLE
        WIDTH 1
        OUTLINECOLOR 255 0 0
      END
    END
  END
  LAYER
    CONNECTIONTYPE postgis
    NAME "owner_select"
    CONNECTION "user=postgres  dbname=swgap host=localhost"
    DATA "wkb_geometry FROM sw_owner"
    STATUS OFF
    TYPE POLYGON
    TRANSPARENCY alpha
    CLASS
      STYLE
	  	  SYMBOL 'hatch-lines'
	  	  COLOR 255 0 0
        ANGLE 60
        SIZE 10
        WIDTH 1
      END
      STYLE
        WIDTH 1
        OUTLINECOLOR 255 0 0
      END
    END
  END
  LAYER
    CONNECTIONTYPE postgis
    NAME "manage_select"
    CONNECTION "user=postgres  dbname=swgap host=localhost"
    DATA "wkb_geometry FROM sw_manage"
    STATUS OFF
    TYPE POLYGON
    TRANSPARENCY alpha
    CLASS
      STYLE
	  	  SYMBOL 'hatch-lines'
	  	  COLOR 255 0 0
        ANGLE 60
        SIZE 10
        WIDTH 1
      END
      STYLE
        WIDTH 1
        OUTLINECOLOR 255 0 0
      END
    END
  END
  LAYER
    CONNECTIONTYPE postgis
    NAME "ecosys_select"
    CONNECTION "user=postgres  dbname=swgap host=localhost"
    DATA "wkb_geometry FROM sw_bnd"
    STATUS OFF
    TYPE POLYGON
    TRANSPARENCY alpha
    CLASS
      STYLE
	  	  SYMBOL 'hatch-lines'
	  	  COLOR 255 0 0
        ANGLE 60
        SIZE 10
        WIDTH 1
      END
      STYLE
        WIDTH 1
        OUTLINECOLOR 255 0 0
      END
    END
  END

  #########################################################################################################
  ## AOI map
  LAYER
    CONNECTIONTYPE postgis
    NAME "aoi"
    CONNECTION "user=postgres  dbname=swgap host=localhost"
    DATA "wkb_geometry from aoi"
    STATUS OFF
    TYPE POLYGON
    CLASS
      STYLE
        WIDTH 1
        OUTLINECOLOR 0 0 255
      END
    END
    CLASS
      STYLE
        WIDTH 1
        OUTLINECOLOR 255 0 0
      END
    END
  END
END